// Jest Snapshot v1, https://goo.gl/fbAQLP

exports[`[Queries.HackerNewsAPI] fetches an array of articles from the HackerNews API 1`] = `
Object {
  "data": undefined,
  "errors": Array [
    [ValidationError: Variable "$ids" is not defined by operation "getArticlesBySource".],
    [ValidationError: Variable "$id" is never used in operation "getArticlesBySource".],
  ],
  "extensions": undefined,
  "http": Object {
    "headers": Headers {
      Symbol(map): Object {},
    },
  },
}
`;

exports[`[Queries.HackerNewsAPI] fetches an article from the HackerNews API 1`] = `
Object {
  "data": Object {
    "articleBySource": Object {
      "author": "kristianp",
      "id": "hn-21168364",
      "source": "HackerNews",
      "time": "1570314101",
      "title": "How to Stress the C# Compiler",
      "url": "https://blog.hediet.de/post/how-to-stress-the-csharp-compiler",
    },
  },
  "errors": undefined,
  "extensions": undefined,
  "http": Object {
    "headers": Headers {
      Symbol(map): Object {},
    },
  },
}
`;
